/data/wang/junh/envs/causal/lib/python3.10/site-packages/transformers/utils/hub.py:110: FutureWarning: Using `TRANSFORMERS_CACHE` is deprecated and will be removed in v5 of Transformers. Use `HF_HOME` instead.
  warnings.warn(
usage: full_run_eval_graph_inject_api_arc.py [-h] [--model MODEL]
                                             [--input INPUT]
                                             [--output_dir OUTPUT_DIR]
                                             [--max_tokens MAX_TOKENS]
                                             [--model_tag MODEL_TAG]
                                             [--causal_only]
                                             [--corr_threshold CORR_THRESHOLD]
                                             [--edge_threshold EDGE_THRESHOLD]
                                             [--propagation_threshold PROPAGATION_THRESHOLD]
                                             [--random_edges]
                                             [--random_seed RANDOM_SEED]
                                             [--random_n RANDOM_N]
                                             [--stability_graph STABILITY_GRAPH]
                                             [--effect_edges EFFECT_EDGES]
                                             [--suppes_graph SUPPES_GRAPH]
                                             [--rpm RPM] [--rph RPH]
                                             [--rp3h RP3H]
                                             [--max_retries MAX_RETRIES]
                                             [--limit_traces LIMIT_TRACES]
                                             [--span_index]
                                             [--enable_thinking]
full_run_eval_graph_inject_api_arc.py: error: argument --corr_threshold: invalid float value: 'causal_only'
