/data/wang/junh/envs/causal/lib/python3.10/site-packages/transformers/utils/hub.py:110: FutureWarning: Using `TRANSFORMERS_CACHE` is deprecated and will be removed in v5 of Transformers. Use `HF_HOME` instead.
  warnings.warn(
Graph: 18 edges (corr>=0.6 (Suppes ∪ validated))
  2.1 → 1.4  (0.807)
  1.2 → 1.4  (0.766)
  2.1 → 1.5  (0.717)
  1.4 → 1.5  (0.699)
  2.4 → 1.5  (0.684)
  1.2 → 3.3  (0.647)
  2.4 → 3.1  (0.640)
  2.4 → 1.4  (0.618)
  1.1 → 2.6  (0.495)
  2.2 → 1.5  (0.485)
  2.3 → 3.1  (0.471)
  2.3 → 1.3  (0.437)
  1.1 → 3.3  (0.376)
  2.6 → 3.1  (0.355)
  1.3 → 3.3  (0.339)
  1.5 → 3.3  (0.281)
  2.2 → 2.4  (0.280)
  3.1 → 3.3  (0.225)

Loaded 393 traces
Pending: 0 (skipping 393 already done)
Nothing to do.
